#-----------------------------------------------------------
# Vivado v2025.2 (64-bit)
# SW Build 6299465 on Fri Nov 14 19:35:11 GMT 2025
# IP Build 6300035 on Fri Nov 14 10:48:45 MST 2025
# SharedData Build 6298862 on Thu Nov 13 04:50:51 MST 2025
# Start of session at: Sun Feb  1 16:31:49 2026
# Process ID         : 18572
# Current directory  : C:/Users/Vrajesh Kumar/Desktop/Verilog stuff/Attempted_CPU
# Command line       : vivado.exe -gui_launcher_event rodinguilauncherevent8028 C:\Users\Vrajesh Kumar\Desktop\Verilog stuff\Attempted_CPU\Attempted_CPU.xpr
# Log file           : C:/Users/Vrajesh Kumar/Desktop/Verilog stuff/Attempted_CPU/vivado.log
# Journal file       : C:/Users/Vrajesh Kumar/Desktop/Verilog stuff/Attempted_CPU\vivado.jou
# Running On         : Vrajeshpc
# Platform           : Windows Server 2016 or Windows 10
# Operating System   : 26200
# Processor Detail   : AMD Ryzen 5 8645HS w/ Radeon 760M Graphics
# CPU Frequency      : 4292 MHz
# CPU Physical cores : 6
# CPU Logical cores  : 12
# Host memory        : 25025 MB
# Swap memory        : 6979 MB
# Total Virtual      : 32005 MB
# Available Virtual  : 24112 MB
#-----------------------------------------------------------
start_gui
open_project {C:/Users/Vrajesh Kumar/Desktop/Verilog stuff/Attempted_CPU/Attempted_CPU.xpr}
update_compile_order -fileset sources_1
